"al-kitāb" : "الكِتاب"
"al-salām" : "السَلام"
naʿam: "نَعَم"           # Yes
lā: "لا"                 # No
ṣabāḥu al-ḫayr: "صَباحُ الخَير"  # Good morning
masāʾu al-ḫayr: "مَساءُ الخَير"  # Good evening
ṣadīq: "صَديق"                   # Friend (male)
kayfa ḥāluka: "كَيفَ حالُكَ"     # How are you (to a male)
kayfa ḥāluki: "كَيفَ حالُكِ"     # How are you (to a female)
marḥaban: "مَرحَبًا"      # Hello
šukran: "شُكرًا"         # Thank you
ʿafwan: "عَفوًا"         # You're welcome
ʿindī suʾālun: "عِندي سؤالٌ"     # I have a question
mā ismuka: "ما اسمُكَ"           # What is your name (to a male)
mā ismuki: "ما اسمُكِ"           # What is your name (to a female)
anā min: "أَنَا مِن"              # I am from
ayna al-ḥammāmu: "اينَ الحَمَّامُ"  # Where is the bathroom
hal tatakallamu al-inglīziyya: "هَل تَتَكَلَّمُ الإِنجِلِيزِيَّةَ"  # Do you speak English (to a male)
hal tatakallamīna al-inglīziyya: "هَل تَتَكَلَّمِينَ الإِنجِلِيزِيَّةَ"  # Do you speak English (to a female)
mā al-ʿamalu: "ما العَمَلُ"       # What is the work
anā atakallamu al-ʿarabiyya: "أَنَا أَتَكَلَّمُ العَرَبِيَّةَ"  # I speak Arabic
ṣadīqatun: "صَديقَةٌ"                # Friend (female)

