"ḫe]-en-ku-un šu-me-eš ma-ni-ia-aḫ-ḫi-eš-ke-et-tén" : "𒄭]𒂗𒆪𒌦 𒋗𒈨𒐁 𒈠𒉌𒅀𒄴𒄭𒐁𒆠𒀉𒁷"

"a-ši KÁ-aš ku-iš pa-it nu DINGIR (MEŠ)  2 ḪUR.SAG (MEŠ)" : "𒀀𒅆 𒆍𒀸 𒆪𒅖 𒉺𒀉 𒉡 𒀭 𒌍  2 𒄯𒊕 𒌍"