"ḫe]‑en‑ku‑un šu‑me‑eš ma‑ni‑ia‑aḫ‑ḫi‑eš‑ke‑et‑tén" :
  - "ḫe"
  - "]"
  - "en"
  - "ku"
  - "un"
  - " "
  - "šu"
  - "me"
  - "eš"
  - " "
  - "ma"
  - "ni"
  - "ia"
  - "aḫ"
  - "ḫi"
  - "eš"
  - "ke"
  - "et"
  - "tén"
