"𐀀𐀪𐀵𐀍" : "a-ri-to-jo"
"𐀀𐀪𐀵𐀍 𐀀𐀪𐀵𐀍" : "a-ri-to-jo a-ri-to-jo"