"]ra-ma-na , / e-ne-ra MUL[": [']', 'ra', 'ma', 'na', ' ', ',', ' ', '/', ' ', 'e', 'ne', 'ra', ' ', 'MUL', '[']
"] ko-wo / m\u0323e\u0323[-zo] 1 ko-wo / me-wi-jo 2 [": [']', ' ', 'ko', 'wo', ' ', '/', ' ', 'me', '[', 'zo', ']', ' ', '1', ' ', 'ko', 'wo', ' ', '/', ' ', 'me', 'wi', 'jo', ' ', '2', ' ', '[']
"]wa VIR 1 MUL 2 'ko-wa 1' ko-wo 1": [']', 'wa', ' ', 'VIR', ' ', '1', ' ', 'MUL', ' ', '2', ' ', "'", 'ko', 'wa', ' ', '1', "'", ' ', 'ko', 'wo', ' ', '1']
"]qa-ra / re-me-to * 168 + SE 28": [']', 'qa', 'ra', ' ', '/', ' ', 're', 'me', 'to', ' ', '*168+SE', ' ', '28']
"da-pu₂-ri-to-jo , / po-ti-ni-ja 'me-ri' * 209 VAS 1": ['da', 'pu₂', 'ri', 'to', 'jo', ' ', ',', ' ', '/', ' ', 'po', 'ti', 'ni', 'ja', ' ', "'", 'me', 'ri', "'", ' ', '*209VAS', ' ', '1']
"po-*34-wi-do ⟦TUN⟧ BIG[": ['po', '*34', 'wi', 'do', ' ', '⟦', 'TUN', '⟧', ' ', 'BIG', '[']
"inf . mut .": ['inf.', ' ', 'mut.']
"] vacat [": [']', ' ', 'vacat', ' ', '[']
"] vest ., / su-ri-mo , u-ta-jo-jo , o OVIS m 85[\u00a0] vac .": [']', ' ', 'vest.', ',', ' ', '/', ' ', 'su', 'ri', 'mo', ' ', ',', ' ', 'u', 'ta', 'jo', 'jo', ' ', ',', ' ', 'o', ' ', 'OVISm', ' ', '85', '[', ' ', ']', ' ', 'vac.']
"su-ma-no / ti-ri-to [ vestigia? ] vacat": ['su', 'ma', 'no', ' ', '/', ' ', 'ti', 'ri', 'to', ' ', '[', ' ', 'vestigia', '?', ' ', ']', ' ', 'vacat']
"v.": ["v."]
"l . s .": ['l.', ' ', 's.']
"l\u0323a\u0323t\u0323 . i\u0323n\u0323f\u0323 .": ['lat.', ' ', 'inf.']
"l . i .": ["l."," ","i."]
"] Graffito [": [']', ' ', 'Graffito', ' ', '[']
"CAP f 130 SUS 17 SUS f 41 BOS m 2 BOS f 4": ['CAPf', ' ', '130', ' ', 'SUS', ' ', '17', ' ', 'SUSf', ' ', '41', ' ', 'BOSm', ' ', '2', ' ', 'BOSf', ' ', '4']
"i[-qi-ja?": ['i', '[', 'qi', 'ja', '?']