"]ta-pi ]ki[ ]a-ra[ ]a-su-mi-*118[ a-pa-[?][ ]mi-ki-sa-ne[":
  - "]"
  - "ta"
  - "pi"
  - " "
  - "]"
  - "ki"
  - "["
  - " "
  - "]"
  - "a"
  - "ra"
  - "["
  - " "
  - "]"
  - "a"
  - "su"
  - "mi"
  - "*118"
  - "["
  - " "
  - "a"
  - "pa"
  - "[?]"
  - "["
  - " "
  - "]"
  - "mi"
  - "ki"
  - "sa"
  - "ne"
  - "["

"pi[?]":
  - "pi"
  - "[?]"

"[?]pi":
  - "[?]"
  - "pi"  
