"tar‑pa‑la‑aš SÍG‑ḪA‑ṢAR‑TI":
  - "tar"
  - "pa"
  - "la"
  - "aš"
  - " "
  - "SÍG"
  - "ḪA"
  - "ṢAR"
  - "TI"
  