"muhube kerθθis habudah tideimi pertinah tuhes" : "𐊎𐊒𐊛𐊒𐊂𐊁 𐊋𐊁𐊕𐊉𐊉𐊆𐊖 𐊛𐊀𐊂𐊒𐊅𐊀𐊛 𐊗𐊆𐊅𐊁𐊆𐊎𐊆 𐊓𐊁𐊕𐊗𐊆𐊏𐊀𐊛 𐊗𐊒𐊛𐊁𐊖"
"hrittbili mahanahi uwehi se lada ehbi" : "𐊛𐊕𐊆𐊗𐊗𐊂𐊆𐊍𐊆 𐊎𐊀𐊛𐊀𐊏𐊀𐊛𐊆 𐊒𐊇𐊁𐊛𐊆 𐊖𐊁 𐊍𐊀𐊅𐊀 𐊁𐊛𐊂𐊆"