"bakillλ est mrud eśś=k [vãnaś]" : "𐤡𐤠𐤨𐤦𐤩𐤩𐤷 𐤤𐤳𐤯 𐤪𐤭𐤰𐤣 𐤤𐤮𐤮𐤨 [𐤥𐤵𐤫𐤠𐤮]"
